// Jest Snapshot v1, https://goo.gl/fbAQLP

exports[`Market component renders correctly 1`] = `
<div
  className="app_container"
>
  <main
    className="market_main_tag"
  >
    <section
      className="market_section1"
    >
      <p
        className="market_font1"
      >
        BE THE FIRST TO KNOW ABOUT MARKET CHANGES
      </p>
      <h1
        className="market_font2"
      >
        Get an Overview on multi market exchanges
      </h1>
      <p
        className="market_font3"
      >
        Market multiplicity enables users to manage and trade their assets with greater transparency in a permissionless environment with a simplified and straightforward interface.
      </p>
    </section>
    <section
      className="market_section2"
    />
  </main>
</div>
`;
