// Jest Snapshot v1, https://goo.gl/fbAQLP

exports[`Track component renders correctly 1`] = `
<div
  className="app_container"
>
  <main
    className="main_tag"
  >
    <section
      className="home_section1"
    >
      <p
        className="home_font1"
      >
        THE NEW STANDARD DECENTRALIZED TRACKING PLATFORM
      </p>
      <h1
        className="home_font2"
      >
        Track decentralized between blockchains
      </h1>
      <p
        className="home_font3"
      >
        Swap all assets frictionless in a decentralized manner, earn yield on your native coins and manage your portfolio while you have full control of your keys.
      </p>
    </section>
    <section
      className="home_section2"
    >
      <input
        onChange={[Function]}
        placeholder="Enter Coin name or symbol"
        type="text"
      />
    </section>
    <section
      className="home_section3"
    />
  </main>
</div>
`;
